
> veyral-store@0.1.0 build
> next build

Γû▓ Next.js 16.1.6 (Turbopack)

  Creating an optimized production build ...
node.exe : 
At line:1 char:1
+ & "C:\Program Files
\nodejs/node.exe" "C:
\Users\Admin\AppData\
Roaming\ ...
+ ~~~~~~~~~~~~~~~~~~~
~~~~~~~~~~~~~~~~~~~~~
~~~~~~~~~~~~~~~~~~~~~
~~~~~~~~
    + CategoryInfo   
           : 
NotSpecified: (:    
String) [], 
RemoteExc    eption
    + 
FullyQualifiedError  
  Id : 
NativeCommandErr    
or
 
> Build error 
occurred
Error: Turbopack 
build failed with 2 
errors:
./src/components/Prod
uctCard.tsx:1:10
Ecmascript file had 
an error
[0m[31m[1m>[22m[
39m[90m 1 |[39m 
[36mimport[39m { 
useEffect[33m,[39m 
useRef } 
[36mfrom[39m [32m"
react"[39m[33m;[39
m
 [90m   |[39m      
    [31m[1m^[22m[
39m[31m[1m^[22m[3
9m[31m[1m^[22m[39
m[31m[1m^[22m[39m
[31m[1m^[22m[39m
[31m[1m^[22m[39m[
31m[1m^[22m[39m[3
1m[1m^[22m[39m[31
m[1m^[22m[39m
 [90m 2 |[39m 
[36mimport[39m 
[33mLink[39m 
[36mfrom[39m [32m"
next/link"[39m[33m;
[39m
 [90m 3 |[39m 
[36mimport[39m 
[33mImage[39m 
[36mfrom[39m [32m"
next/image"[39m[33m
;[39m
 [90m 4 |[39m 
[36mimport[39m { 
[33mProduct[39m } 
[36mfrom[39m [32m"
@/data/products"[39m
[33m;[39m[0m

You're importing a 
component that needs 
`useEffect`. This 
React Hook only 
works in a Client 
Component. To fix, 
mark the file (or 
its parent) with the 
`"use client"` 
directive.

 Learn more: https://
nextjs.org/docs/app/a
pi-reference/directiv
es/use-client



Import traces:
  Server Component:
    ./src/components/
ProductCard.tsx
    ./src/app/collect
ions/page.tsx

  Client Component 
Browser:
    ./src/components/
ProductCard.tsx 
[Client Component 
Browser]
    ./src/app/collect
ions/[id]/page.tsx 
[Client Component 
Browser]
    ./src/app/collect
ions/[id]/page.tsx 
[Server Component]

  Client Component 
SSR:
    ./src/components/
ProductCard.tsx 
[Client Component 
SSR]
    ./src/app/collect
ions/[id]/page.tsx 
[Client Component 
SSR]
    ./src/app/collect
ions/[id]/page.tsx 
[Server Component]


./src/components/Prod
uctCard.tsx:1:21
Ecmascript file had 
an error
[0m[31m[1m>[22m[
39m[90m 1 |[39m 
[36mimport[39m { 
useEffect[33m,[39m 
useRef } 
[36mfrom[39m [32m"
react"[39m[33m;[39
m
 [90m   |[39m      
               [31m
[1m^[22m[39m[31m[
1m^[22m[39m[31m[1
m^[22m[39m[31m[1m
^[22m[39m[31m[1m^
[22m[39m[31m[1m^
[22m[39m
 [90m 2 |[39m 
[36mimport[39m 
[33mLink[39m 
[36mfrom[39m [32m"
next/link"[39m[33m;
[39m
 [90m 3 |[39m 
[36mimport[39m 
[33mImage[39m 
[36mfrom[39m [32m"
next/image"[39m[33m
;[39m
 [90m 4 |[39m 
[36mimport[39m { 
[33mProduct[39m } 
[36mfrom[39m [32m"
@/data/products"[39m
[33m;[39m[0m

You're importing a 
component that needs 
`useRef`. This React 
Hook only works in a 
Client Component. To 
fix, mark the file 
(or its parent) with 
the `"use client"` 
directive.

 Learn more: https://
nextjs.org/docs/app/a
pi-reference/directiv
es/use-client



Import traces:
  Server Component:
    ./src/components/
ProductCard.tsx
    ./src/app/collect
ions/page.tsx

  Client Component 
Browser:
    ./src/components/
ProductCard.tsx 
[Client Component 
Browser]
    ./src/app/collect
ions/[id]/page.tsx 
[Client Component 
Browser]
    ./src/app/collect
ions/[id]/page.tsx 
[Server Component]

  Client Component 
SSR:
    ./src/components/
ProductCard.tsx 
[Client Component 
SSR]
    ./src/app/collect
ions/[id]/page.tsx 
[Client Component 
SSR]
    ./src/app/collect
ions/[id]/page.tsx 
[Server Component]


    at <unknown> (./s
rc/components/Product
Card.tsx:1:10)
    at <unknown> (./s
rc/components/Product
Card.tsx:1:21)
